EN resolution_mouse_informer NULL C:/Users/1107521942/Documents/Semana14_VGA/FinalLogica/Lab_VGA_GenImage/resolution_mouse_informer.vhd sub00/vhpl24 1559094110
EN vga_sync NULL C:/Users/1107521942/Documents/Semana14_VGA/FinalLogica/Lab_VGA_GenImage/VGA_SYNC.VHD sub00/vhpl00 1559094114
AR d55 d55_a C:/Users/1107521942/Documents/Semana14_VGA/VGA_Image/ipcore_dir/D55.vhd sub00/vhpl11 1556830714
AR resolution_mouse_informer behavioral C:/Users/1107521942/Documents/Semana14_VGA/FinalLogica/Lab_VGA_GenImage/resolution_mouse_informer.vhd sub00/vhpl25 1559094111
EN mouse_controller NULL C:/Users/1107521942/Documents/Semana14_VGA/FinalLogica/Lab_VGA_GenImage/mouse_controller.vhd sub00/vhpl22 1559094108
EN vga_image_tets NULL C:/Users/1107521942/Documents/Semana14_VGA/FinalLogica/VGA_Image/VGA_Image_tets.vhf sub00/vhpl08 1559094124
AR mouse_controller behavioral C:/Users/1107521942/Documents/Semana14_VGA/FinalLogica/Lab_VGA_GenImage/mouse_controller.vhd sub00/vhpl23 1559094109
AR ps2interface behavioral C:/Users/1107521942/Documents/Semana14_VGA/FinalLogica/Lab_VGA_GenImage/ps2interface.vhd sub00/vhpl27 1559094113
AR clk_div_25mhz behavioral C:/Users/1107521942/Documents/Semana14_VGA/FinalLogica/Lab_VGA_GenImage/Clk_div_25MHz.vhd sub00/vhpl07 1559094117
EN d11 NULL C:/Users/1107521942/Documents/Semana14_VGA/VGA_Image/ipcore_dir/D11.vhd sub00/vhpl12 1557433157
EN d111111 NULL C:/Users/1107521942/Documents/Semana14_VGA/VGA_Image/ipcore_dir/D111111.vhd sub00/vhpl16 1557435035
AR vga_sync a C:/Users/1107521942/Documents/Semana14_VGA/FinalLogica/Lab_VGA_GenImage/VGA_SYNC.VHD sub00/vhpl01 1559094115
EN clk_div_25mhz NULL C:/Users/1107521942/Documents/Semana14_VGA/FinalLogica/Lab_VGA_GenImage/Clk_div_25MHz.vhd sub00/vhpl06 1559094116
EN memorydino3 NULL C:/Users/1107521942/Documents/Semana14_VGA/FinalLogica/VGA_Image/ipcore_dir/memoryDino3.vhd sub00/vhpl20 1559094118
EN d55 NULL C:/Users/1107521942/Documents/Semana14_VGA/VGA_Image/ipcore_dir/D55.vhd sub00/vhpl10 1556830713
AR mymemory mymemory_a C:/Users/1107521942/Documents/Semana14_VGA/VGA_Image/ipcore_dir/mymemory.vhd sub00/vhpl05 1556827001
EN d111 NULL C:/Users/1107521942/Documents/Semana14_VGA/VGA_Image/ipcore_dir/D111.vhd sub00/vhpl14 1557434502
AR reader behavioral C:/Users/1107521942/Documents/Semana14_VGA/FinalLogica/Lab_VGA_GenImage/reader.vhd sub00/vhpl03 1559094121
AR memorydino memorydino_a C:/Users/1107521942/Documents/Semana14_VGA/FinalLogica/VGA_Image/ipcore_dir/memoryDino.vhd sub00/vhpl19 1559074220
EN mouserefcomp NULL C:/Users/1107521942/Documents/Semana14_VGA/FinalLogica/Lab_VGA_GenImage/MouseRefComp.vhd sub00/vhpl28 1559094122
AR memorydino3 memorydino3_a C:/Users/1107521942/Documents/Semana14_VGA/FinalLogica/VGA_Image/ipcore_dir/memoryDino3.vhd sub00/vhpl21 1559094119
EN ps2interface NULL C:/Users/1107521942/Documents/Semana14_VGA/FinalLogica/Lab_VGA_GenImage/ps2interface.vhd sub00/vhpl26 1559094112
AR d111 d111_a C:/Users/1107521942/Documents/Semana14_VGA/VGA_Image/ipcore_dir/D111.vhd sub00/vhpl15 1557434503
AR mouserefcomp structural C:/Users/1107521942/Documents/Semana14_VGA/FinalLogica/Lab_VGA_GenImage/MouseRefComp.vhd sub00/vhpl29 1559094123
AR vga_image_tets behavioral C:/Users/1107521942/Documents/Semana14_VGA/FinalLogica/VGA_Image/VGA_Image_tets.vhf sub00/vhpl09 1559094125
EN memorydino NULL C:/Users/1107521942/Documents/Semana14_VGA/FinalLogica/VGA_Image/ipcore_dir/memoryDino.vhd sub00/vhpl18 1559074219
EN reader NULL C:/Users/1107521942/Documents/Semana14_VGA/FinalLogica/Lab_VGA_GenImage/reader.vhd sub00/vhpl02 1559094120
EN mymemory NULL C:/Users/1107521942/Documents/Semana14_VGA/VGA_Image/ipcore_dir/mymemory.vhd sub00/vhpl04 1556827000
AR d11 d11_a C:/Users/1107521942/Documents/Semana14_VGA/VGA_Image/ipcore_dir/D11.vhd sub00/vhpl13 1557433158
AR d111111 d111111_a C:/Users/1107521942/Documents/Semana14_VGA/VGA_Image/ipcore_dir/D111111.vhd sub00/vhpl17 1557435036
